  Determining projects to restore...
  Restored C:\BlackBoxConfigurator\BlackBoxControl1\BlackBoxControl.csproj (in 1.93 sec).
  1 of 2 projects are up-to-date for restore.
C:\BlackBoxConfigurator\BlackBoxControl1\ViewModels\LoopDeviceViewModel.cs(103,50): warning CS0108: 'LoopDeviceViewModel.PropertyChanged' hides inherited member 'ViewModelBase.PropertyChanged'. Use the new keyword if hiding was intended. [C:\BlackBoxConfigurator\BlackBoxControl1\BlackBoxControl_uyvx0ynv_wpftmp.csproj]
C:\BlackBoxConfigurator\BlackBoxControl1\ViewModels\LoopDeviceViewModel.cs(104,24): warning CS0108: 'LoopDeviceViewModel.OnPropertyChanged(string)' hides inherited member 'TreeNodeViewModel.OnPropertyChanged(string)'. Use the new keyword if hiding was intended. [C:\BlackBoxConfigurator\BlackBoxControl1\BlackBoxControl_uyvx0ynv_wpftmp.csproj]
C:\BlackBoxConfigurator\BlackBoxControl1\ViewModels\LoopViewModel.cs(26,23): warning CS0108: 'LoopViewModel.DisplayName' hides inherited member 'TreeNodeViewModel.DisplayName'. Use the new keyword if hiding was intended. [C:\BlackBoxConfigurator\BlackBoxControl1\BlackBoxControl_uyvx0ynv_wpftmp.csproj]
C:\BlackBoxConfigurator\BlackBoxControl1\ViewModels\LoopViewModel.cs(29,23): warning CS0108: 'LoopViewModel.Icon' hides inherited member 'TreeNodeViewModel.Icon'. Use the new keyword if hiding was intended. [C:\BlackBoxConfigurator\BlackBoxControl1\BlackBoxControl_uyvx0ynv_wpftmp.csproj]
C:\BlackBoxConfigurator\BlackBoxControl1\ViewModels\LoopViewModel.cs(75,50): warning CS0108: 'LoopViewModel.PropertyChanged' hides inherited member 'ViewModelBase.PropertyChanged'. Use the new keyword if hiding was intended. [C:\BlackBoxConfigurator\BlackBoxControl1\BlackBoxControl_uyvx0ynv_wpftmp.csproj]
C:\BlackBoxConfigurator\BlackBoxControl1\ViewModels\LoopViewModel.cs(76,24): warning CS0108: 'LoopViewModel.OnPropertyChanged(string)' hides inherited member 'TreeNodeViewModel.OnPropertyChanged(string)'. Use the new keyword if hiding was intended. [C:\BlackBoxConfigurator\BlackBoxControl1\BlackBoxControl_uyvx0ynv_wpftmp.csproj]
C:\BlackBoxConfigurator\BlackBoxControl1\ViewModels\CauseAndEffectViewModel.cs(31,23): warning CS0108: 'CauseAndEffectViewModel.DisplayName' hides inherited member 'TreeNodeViewModel.DisplayName'. Use the new keyword if hiding was intended. [C:\BlackBoxConfigurator\BlackBoxControl1\BlackBoxControl_uyvx0ynv_wpftmp.csproj]
C:\BlackBoxConfigurator\BlackBoxControl1\ViewModels\CauseAndEffectViewModel.cs(42,23): warning CS0108: 'CauseAndEffectViewModel.Icon' hides inherited member 'TreeNodeViewModel.Icon'. Use the new keyword if hiding was intended. [C:\BlackBoxConfigurator\BlackBoxControl1\BlackBoxControl_uyvx0ynv_wpftmp.csproj]
C:\BlackBoxConfigurator\BlackBoxControl1\ViewModels\CauseAndEffectViewModel.cs(804,50): warning CS0108: 'CauseAndEffectViewModel.PropertyChanged' hides inherited member 'ViewModelBase.PropertyChanged'. Use the new keyword if hiding was intended. [C:\BlackBoxConfigurator\BlackBoxControl1\BlackBoxControl_uyvx0ynv_wpftmp.csproj]
C:\BlackBoxConfigurator\BlackBoxControl1\ViewModels\CauseAndEffectViewModel.cs(805,28): warning CS0108: 'CauseAndEffectViewModel.OnPropertyChanged(string)' hides inherited member 'TreeNodeViewModel.OnPropertyChanged(string)'. Use the new keyword if hiding was intended. [C:\BlackBoxConfigurator\BlackBoxControl1\BlackBoxControl_uyvx0ynv_wpftmp.csproj]
C:\BlackBoxConfigurator\BlackBoxControl1\ViewModels\BusNodeViewModel .cs(26,23): warning CS0108: 'BusNodeViewModel.DisplayName' hides inherited member 'TreeNodeViewModel.DisplayName'. Use the new keyword if hiding was intended. [C:\BlackBoxConfigurator\BlackBoxControl1\BlackBoxControl_uyvx0ynv_wpftmp.csproj]
C:\BlackBoxConfigurator\BlackBoxControl1\ViewModels\BusNodeViewModel .cs(39,23): warning CS0108: 'BusNodeViewModel.Icon' hides inherited member 'TreeNodeViewModel.Icon'. Use the new keyword if hiding was intended. [C:\BlackBoxConfigurator\BlackBoxControl1\BlackBoxControl_uyvx0ynv_wpftmp.csproj]
C:\BlackBoxConfigurator\BlackBoxControl1\ViewModels\MenuViewModel.cs(363,31): error CS0103: The name 'GetCurrentProjectData' does not exist in the current context [C:\BlackBoxConfigurator\BlackBoxControl1\BlackBoxControl_uyvx0ynv_wpftmp.csproj]
C:\BlackBoxConfigurator\BlackBoxControl1\MainWindow.xaml.cs(21,33): warning CS0169: The field 'MainWindow._positionUpdateTimer' is never used [C:\BlackBoxConfigurator\BlackBoxControl1\BlackBoxControl_uyvx0ynv_wpftmp.csproj]
C:\BlackBoxConfigurator\BlackBoxControl1\MainWindow.xaml.cs(20,24): warning CS0169: The field 'MainWindow._dragPreviewWindow' is never used [C:\BlackBoxConfigurator\BlackBoxControl1\BlackBoxControl_uyvx0ynv_wpftmp.csproj]

Build FAILED.

C:\BlackBoxConfigurator\BlackBoxControl1\ViewModels\LoopDeviceViewModel.cs(103,50): warning CS0108: 'LoopDeviceViewModel.PropertyChanged' hides inherited member 'ViewModelBase.PropertyChanged'. Use the new keyword if hiding was intended. [C:\BlackBoxConfigurator\BlackBoxControl1\BlackBoxControl_uyvx0ynv_wpftmp.csproj]
C:\BlackBoxConfigurator\BlackBoxControl1\ViewModels\LoopDeviceViewModel.cs(104,24): warning CS0108: 'LoopDeviceViewModel.OnPropertyChanged(string)' hides inherited member 'TreeNodeViewModel.OnPropertyChanged(string)'. Use the new keyword if hiding was intended. [C:\BlackBoxConfigurator\BlackBoxControl1\BlackBoxControl_uyvx0ynv_wpftmp.csproj]
C:\BlackBoxConfigurator\BlackBoxControl1\ViewModels\LoopViewModel.cs(26,23): warning CS0108: 'LoopViewModel.DisplayName' hides inherited member 'TreeNodeViewModel.DisplayName'. Use the new keyword if hiding was intended. [C:\BlackBoxConfigurator\BlackBoxControl1\BlackBoxControl_uyvx0ynv_wpftmp.csproj]
C:\BlackBoxConfigurator\BlackBoxControl1\ViewModels\LoopViewModel.cs(29,23): warning CS0108: 'LoopViewModel.Icon' hides inherited member 'TreeNodeViewModel.Icon'. Use the new keyword if hiding was intended. [C:\BlackBoxConfigurator\BlackBoxControl1\BlackBoxControl_uyvx0ynv_wpftmp.csproj]
C:\BlackBoxConfigurator\BlackBoxControl1\ViewModels\LoopViewModel.cs(75,50): warning CS0108: 'LoopViewModel.PropertyChanged' hides inherited member 'ViewModelBase.PropertyChanged'. Use the new keyword if hiding was intended. [C:\BlackBoxConfigurator\BlackBoxControl1\BlackBoxControl_uyvx0ynv_wpftmp.csproj]
C:\BlackBoxConfigurator\BlackBoxControl1\ViewModels\LoopViewModel.cs(76,24): warning CS0108: 'LoopViewModel.OnPropertyChanged(string)' hides inherited member 'TreeNodeViewModel.OnPropertyChanged(string)'. Use the new keyword if hiding was intended. [C:\BlackBoxConfigurator\BlackBoxControl1\BlackBoxControl_uyvx0ynv_wpftmp.csproj]
C:\BlackBoxConfigurator\BlackBoxControl1\ViewModels\CauseAndEffectViewModel.cs(31,23): warning CS0108: 'CauseAndEffectViewModel.DisplayName' hides inherited member 'TreeNodeViewModel.DisplayName'. Use the new keyword if hiding was intended. [C:\BlackBoxConfigurator\BlackBoxControl1\BlackBoxControl_uyvx0ynv_wpftmp.csproj]
C:\BlackBoxConfigurator\BlackBoxControl1\ViewModels\CauseAndEffectViewModel.cs(42,23): warning CS0108: 'CauseAndEffectViewModel.Icon' hides inherited member 'TreeNodeViewModel.Icon'. Use the new keyword if hiding was intended. [C:\BlackBoxConfigurator\BlackBoxControl1\BlackBoxControl_uyvx0ynv_wpftmp.csproj]
C:\BlackBoxConfigurator\BlackBoxControl1\ViewModels\CauseAndEffectViewModel.cs(804,50): warning CS0108: 'CauseAndEffectViewModel.PropertyChanged' hides inherited member 'ViewModelBase.PropertyChanged'. Use the new keyword if hiding was intended. [C:\BlackBoxConfigurator\BlackBoxControl1\BlackBoxControl_uyvx0ynv_wpftmp.csproj]
C:\BlackBoxConfigurator\BlackBoxControl1\ViewModels\CauseAndEffectViewModel.cs(805,28): warning CS0108: 'CauseAndEffectViewModel.OnPropertyChanged(string)' hides inherited member 'TreeNodeViewModel.OnPropertyChanged(string)'. Use the new keyword if hiding was intended. [C:\BlackBoxConfigurator\BlackBoxControl1\BlackBoxControl_uyvx0ynv_wpftmp.csproj]
C:\BlackBoxConfigurator\BlackBoxControl1\ViewModels\BusNodeViewModel .cs(26,23): warning CS0108: 'BusNodeViewModel.DisplayName' hides inherited member 'TreeNodeViewModel.DisplayName'. Use the new keyword if hiding was intended. [C:\BlackBoxConfigurator\BlackBoxControl1\BlackBoxControl_uyvx0ynv_wpftmp.csproj]
C:\BlackBoxConfigurator\BlackBoxControl1\ViewModels\BusNodeViewModel .cs(39,23): warning CS0108: 'BusNodeViewModel.Icon' hides inherited member 'TreeNodeViewModel.Icon'. Use the new keyword if hiding was intended. [C:\BlackBoxConfigurator\BlackBoxControl1\BlackBoxControl_uyvx0ynv_wpftmp.csproj]
C:\BlackBoxConfigurator\BlackBoxControl1\MainWindow.xaml.cs(21,33): warning CS0169: The field 'MainWindow._positionUpdateTimer' is never used [C:\BlackBoxConfigurator\BlackBoxControl1\BlackBoxControl_uyvx0ynv_wpftmp.csproj]
C:\BlackBoxConfigurator\BlackBoxControl1\MainWindow.xaml.cs(20,24): warning CS0169: The field 'MainWindow._dragPreviewWindow' is never used [C:\BlackBoxConfigurator\BlackBoxControl1\BlackBoxControl_uyvx0ynv_wpftmp.csproj]
C:\BlackBoxConfigurator\BlackBoxControl1\ViewModels\MenuViewModel.cs(363,31): error CS0103: The name 'GetCurrentProjectData' does not exist in the current context [C:\BlackBoxConfigurator\BlackBoxControl1\BlackBoxControl_uyvx0ynv_wpftmp.csproj]
    14 Warning(s)
    1 Error(s)

Time Elapsed 00:00:15.32

Workload updates are available. Run `dotnet workload list` for more information.
